[2026-10-03T12:08:00.991Z][INFO] Command-line: 'C:\\Program Files\\Unity\\Hub\\Editor\\6000.6.0f1\\Editor\\Data\\Resources\\PackageManager\\Server\\UnityPackageManager.exe' server -s 2636 --ipc-path Unity-Upm-2636 -l 2 --log-file C:\\Users\\kimji\\Ingenieria_MisionKonstruir/Logs/upm.log
[2026-10-03T12:08:01.266Z][INFO] IPC server started (IPC path=Unity-Upm-2636).
[2026-10-03T12:08:01.266Z][INFO] Hint: To connect to this UPM instance, launch Unity with the command-line parameter -upmIpcPath Upm-2636.
[2026-10-03T12:08:36.785Z][INFO] project:list-packages <-- Request received
params: {}
[2026-10-03T12:08:39.425Z][INFO] project:list-packages --> 200 (2641 ms)
[2026-10-03T12:08:42.954Z][INFO] config:project:get-registries <-- Request received
params: {}
[2026-10-03T12:08:42.980Z][INFO] config:project:get-registries --> 200 (26 ms)
[2026-10-03T12:08:43.035Z][INFO] project:list-packages <-- Request received
params: {}
[2026-10-03T12:08:45.145Z][INFO] project:list-packages --> 200 (2110 ms)
[2026-10-03T12:09:50.144Z][INFO] project:list-packages <-- Request received
params: {}
[2026-10-03T12:09:51.084Z][INFO] project:list-packages <-- Request received
params: {}
[2026-10-03T12:09:51.855Z][INFO] project:list-packages <-- Request received
params: {}
[2026-10-03T12:09:51.950Z][INFO] project:list-packages <-- Request received
params: {}
[2026-10-03T12:09:52.115Z][INFO] project:list-packages --> 200 (1971 ms)
[2026-10-03T12:09:53.179Z][INFO] project:list-packages --> 200 (2094 ms)
[2026-10-03T12:09:54.548Z][INFO] config:project:get-registries <-- Request received
params: {}
[2026-10-03T12:09:54.560Z][INFO] project:list-packages --> 200 (2705 ms)
[2026-10-03T12:09:54.565Z][INFO] project:list-packages --> 200 (2614 ms)
[2026-10-03T12:09:54.577Z][INFO] config:project:get-registries --> 200 (30 ms)
[2026-10-03T12:10:18.528Z][INFO] project:list-packages <-- Request received
params: {}
[2026-10-03T12:10:19.542Z][INFO] project:list-packages --> 200 (1014 ms)
[2026-10-03T12:10:36.152Z][INFO] project:list-packages <-- Request received
params: {}
[2026-10-03T12:10:36.923Z][INFO] Downloading package [com.unity.package-manager.metadata-6000.6@0.0.91] from registry 'https://packages.unity.com'
[2026-10-03T12:10:37.871Z][INFO] Finished downloading package [com.unity.package-manager.metadata-6000.6@0.0.91] from registry 'https://packages.unity.com' (size: 11.5 kB, time: 937ms)
[2026-10-03T12:10:41.454Z][INFO] project:list-packages --> 200 (5302 ms)
[2026-10-03T12:16:15.873Z][INFO] project:list-packages <-- Request received
params: {}
[2026-10-03T12:16:17.271Z][INFO] project:list-packages <-- Request received
params: {}
[2026-10-03T12:16:17.334Z][INFO] project:list-packages <-- Request received
params: {}
[2026-10-03T12:16:18.456Z][INFO] config:project:get-registries <-- Request received
params: {}
[2026-10-03T12:16:18.714Z][INFO] config:project:get-registries --> 200 (259 ms)
[2026-10-03T12:16:18.972Z][INFO] project:list-packages --> 200 (1637 ms)
[2026-10-03T12:16:18.976Z][INFO] project:list-packages --> 200 (3117 ms)
[2026-10-03T12:16:18.989Z][INFO] project:list-packages --> 200 (1718 ms)
[2026-10-03T12:20:23.860Z][INFO] project:list-packages <-- Request received
params: {}
[2026-10-03T12:20:24.986Z][INFO] project:list-packages --> 200 (1141 ms)
[2026-10-03T12:20:25.283Z][INFO] project:list-packages <-- Request received
params: {}
[2026-10-03T12:20:25.349Z][INFO] project:list-packages <-- Request received
params: {}
[2026-10-03T12:20:26.384Z][INFO] config:project:get-registries <-- Request received
params: {}
[2026-10-03T12:20:26.565Z][INFO] project:list-packages --> 200 (1282 ms)
[2026-10-03T12:20:26.572Z][INFO] project:list-packages --> 200 (1224 ms)
[2026-10-03T12:20:26.575Z][INFO] config:project:get-registries --> 200 (191 ms)
[2026-10-03T14:07:09.409Z][INFO] project:list-packages <-- Request received
params: {}
[2026-10-03T14:07:09.698Z][INFO] project:list-packages <-- Request received
params: {}
[2026-10-03T14:07:12.935Z][INFO] project:list-packages <-- Request received
params: {}
[2026-10-03T14:07:13.621Z][INFO] project:list-packages <-- Request received
params: {}
[2026-10-03T14:07:14.502Z][INFO] project:list-packages --> 200 (1567 ms)
[2026-10-03T14:07:14.504Z][INFO] project:list-packages --> 200 (5123 ms)
[2026-10-03T14:07:14.507Z][INFO] project:list-packages --> 200 (4809 ms)
[2026-10-03T14:07:14.895Z][INFO] project:list-packages --> 200 (1274 ms)
